// Jest Snapshot v1, https://goo.gl/fbAQLP

exports[`Card Component matches the snapshot 1`] = `
<div
  class="bg-card text-card-foreground flex flex-col gap-6 rounded-xl border py-6 shadow-sm"
  data-slot="card"
>
  <p>
    Snapshot Card
  </p>
</div>
`;
