// Jest Snapshot v1, https://goo.gl/fbAQLP

exports[`Combobox Component matches the snapshot 1`] = `
<button
  aria-controls="radix-«r4»"
  aria-expanded="false"
  aria-haspopup="dialog"
  class="inline-flex items-center gap-2 whitespace-nowrap rounded-md text-sm font-medium transition-all disabled:pointer-events-none disabled:opacity-50 [&_svg]:pointer-events-none [&_svg:not([class*='size-'])]:size-4 shrink-0 [&_svg]:shrink-0 outline-none focus-visible:border-ring focus-visible:ring-ring/50 focus-visible:ring-[3px] aria-invalid:ring-destructive/20 dark:aria-invalid:ring-destructive/40 aria-invalid:border-destructive border bg-background shadow-xs hover:bg-accent hover:text-accent-foreground dark:bg-input/30 dark:border-input dark:hover:bg-input/50 h-9 px-4 py-2 has-[>svg]:px-3 w-[200px] justify-between"
  data-slot="popover-trigger"
  data-state="closed"
  role="combobox"
  type="button"
>
  <svg
    aria-hidden="true"
    class="lucide lucide-chevrons-up-down ml-2 h-4 w-4 shrink-0 opacity-50"
    fill="none"
    height="24"
    stroke="currentColor"
    stroke-linecap="round"
    stroke-linejoin="round"
    stroke-width="2"
    viewBox="0 0 24 24"
    width="24"
    xmlns="http://www.w3.org/2000/svg"
  >
    <path
      d="m7 15 5 5 5-5"
    />
    <path
      d="m7 9 5-5 5 5"
    />
  </svg>
</button>
`;
